// Jest Snapshot v1, https://goo.gl/fbAQLP

exports[`ContentComponent should match snapshot 1`] = `
<div>
  <div
    class="ThemeContext__ColoredSurface-sc-7o1m9v-0 cumPXi colored-surface"
  >
    <div
      class="contentComponent__Container-sc-v3yzcl-0 kYNHHW"
    >
      <div
        class="contentSpot__Container-sc-15sh0rq-0 cSdCnd"
      >
        <div
          class="contentSpot__ContentCard-sc-15sh0rq-1 liJjLb"
          type="row-reverse"
        >
          <div
            class="imageComponent__StyledImage-sc-y6629v-0 efJIJl image-component__container"
            type="content-medium"
          >
            <div
              style="display: block; overflow: hidden; position: absolute; top: 0px; left: 0px; bottom: 0px; right: 0px; box-sizing: border-box; margin: 0px;"
            >
              <img
                alt="product"
                class="contentSpot__ImageWrapper-sc-15sh0rq-2 ebfBxd"
                data-nimg="fill"
                decoding="async"
                src="data:image/gif;base64,R0lGODlhAQABAIAAAAAAAP///yH5BAEAAAAALAAAAAABAAEAAAIBRAA7"
                style="position: absolute; top: 0px; left: 0px; bottom: 0px; right: 0px; box-sizing: border-box; padding: 0px; margin: auto; display: block; width: 0px; height: 0px; min-width: 100%; max-width: 100%; min-height: 100%; max-height: 100%; filter: blur(20px); background-size: cover; background-image: url(/foobar.webp); background-position: 0% 0%;"
              />
              <noscript />
            </div>
          </div>
          <div
            class="contentSpot__ContentDescription-sc-15sh0rq-4 hwZsKN content-spot__content-container"
          >
            <div>
              <h2 />
              <h1
                class="content-spot__title"
              >
                foo
              </h1>
              <h2
                class="content-card-subtitle"
              >
                bar
              </h2>
              <p
                class="content-spot__description"
              >
                foobar
              </p>
            </div>
            <button
              class="button__ButtonStyles-sc-lri851-0 bPsHIA content-spot__button"
              data-test-id="reverse"
              type="button"
            >
              <a
                href="/foobar.com"
                target="_blank"
              >
                foobar
              </a>
            </button>
          </div>
        </div>
      </div>
    </div>
  </div>
</div>
`;
